[    0.000000] Initializing cgroup subsys cpuset
[    0.000000] Initializing cgroup subsys cpu
[    0.000000] Initializing cgroup subsys cpuacct
[    0.000000] Linux version 4.4.0-116-generic (buildd@lgw01-amd64-021) (gcc version 5.4.0 20160609 (Ubuntu 5.4.0-6ubuntu1~16.04.9) ) #140-Ubuntu SMP Mon Feb 12 21:23:04 UTC 2018 (Ubuntu 4.4.0-116.140-generic 4.4.98)
[    0.000000] Command line: BOOT_IMAGE=/boot/vmlinuz-4.4.0-116-generic root=LABEL=cloudimg-rootfs ro console=tty1 console=ttyS0
[    0.000000] KERNEL supported cpus:
[    0.000000]   Intel GenuineIntel
[    0.000000]   AMD AuthenticAMD
[    0.000000]   Centaur CentaurHauls
[    0.000000] ------------[ cut here ]------------
[    0.000000] WARNING: CPU: 0 PID: 0 at /build/linux-fQ94TU/linux-4.4.0/arch/x86/kernel/fpu/xstate.c:517 fpu__init_system_xstate+0x38b/0x75a()
[    0.000000] XSAVE consistency problem, dumping leaves
[    0.000000] Modules linked in:
[    0.000000] CPU: 0 PID: 0 Comm: swapper Not tainted 4.4.0-116-generic #140-Ubuntu
[    0.000000]  0000000000000086 bd05066ace0c54e9 ffffffff81e03d80 ffffffff813ffc13
[    0.000000]  ffffffff81e03dc8 ffffffff81caba68 ffffffff81e03db8 ffffffff810830f2
[    0.000000]  ffffffff81e03e48 ffffffff81e03e4c 0000000000000008 0000000000000100
[    0.000000] Call Trace:
[    0.000000]  [<ffffffff813ffc13>] dump_stack+0x63/0x90
[    0.000000]  [<ffffffff810830f2>] warn_slowpath_common+0x82/0xc0
[    0.000000]  [<ffffffff8108318c>] warn_slowpath_fmt+0x5c/0x80
[    0.000000]  [<ffffffff8107ed36>] ? xfeature_size+0x59/0x77
[    0.000000]  [<ffffffff81f72338>] fpu__init_system_xstate+0x38b/0x75a
[    0.000000]  [<ffffffff81f62120>] ? early_idt_handler_array+0x120/0x120
[    0.000000]  [<ffffffff81f71ca3>] fpu__init_system+0x10d/0x245
[    0.000000]  [<ffffffff81f72df1>] early_cpu_init+0x178/0x17d
[    0.000000]  [<ffffffff81f72df1>] ? early_cpu_init+0x178/0x17d
[    0.000000]  [<ffffffff81f6e1fb>] setup_arch+0xb4/0xd2b
[    0.000000]  [<ffffffff81f62120>] ? early_idt_handler_array+0x120/0x120
[    0.000000]  [<ffffffff81f62c7d>] start_kernel+0xe4/0x4b0
[    0.000000]  [<ffffffff81f62120>] ? early_idt_handler_array+0x120/0x120
[    0.000000]  [<ffffffff81f62339>] x86_64_start_reservations+0x2a/0x2c
[    0.000000]  [<ffffffff81f62485>] x86_64_start_kernel+0x14a/0x16d
[    0.000000] ---[ end trace 4d5ff9f2f68c4233 ]---
[    0.000000] CPUID[0d, 00]: eax=00000007 ebx=00000440 ecx=00000440 edx=00000000
[    0.000000] CPUID[0d, 01]: eax=00000000 ebx=00000440 ecx=00000000 edx=00000000
[    0.000000] CPUID[0d, 02]: eax=00000100 ebx=00000240 ecx=00000000 edx=00000000
[    0.000000] CPUID[0d, 03]: eax=00000000 ebx=00000000 ecx=00000000 edx=00000000
[    0.000000] CPUID[0d, 04]: eax=00000000 ebx=00000000 ecx=00000000 edx=00000000
[    0.000000] CPUID[0d, 05]: eax=00000000 ebx=00000000 ecx=00000000 edx=00000000
[    0.000000] CPUID[0d, 06]: eax=00000000 ebx=00000000 ecx=00000000 edx=00000000
[    0.000000] CPUID[0d, 07]: eax=00000000 ebx=00000000 ecx=00000000 edx=00000000
[    0.000000] CPUID[0d, 08]: eax=00000000 ebx=00000000 ecx=00000000 edx=00000000
[    0.000000] CPUID[0d, 09]: eax=00000000 ebx=00000000 ecx=00000000 edx=00000000
[    0.000000] CPUID[0d, 0a]: eax=00000000 ebx=00000000 ecx=00000000 edx=00000000
[    0.000000] CPUID[0d, 0b]: eax=00000000 ebx=00000000 ecx=00000000 edx=00000000
[    0.000000] CPUID[0d, 0c]: eax=00000000 ebx=00000000 ecx=00000000 edx=00000000
[    0.000000] CPUID[0d, 0d]: eax=00000000 ebx=00000000 ecx=00000000 edx=00000000
[    0.000000] CPUID[0d, 0e]: eax=00000000 ebx=00000000 ecx=00000000 edx=00000000
[    0.000000] CPUID[0d, 0f]: eax=00000000 ebx=00000000 ecx=00000000 edx=00000000
[    0.000000] CPUID[0d, 10]: eax=00000000 ebx=00000000 ecx=00000000 edx=00000000
[    0.000000] CPUID[0d, 11]: eax=00000000 ebx=00000000 ecx=00000000 edx=00000000
[    0.000000] x86/fpu: xstate_offset[2]:  576, xstate_sizes[2]:  256
[    0.000000] x86/fpu: Supporting XSAVE feature 0x01: 'x87 floating point registers'
[    0.000000] x86/fpu: Supporting XSAVE feature 0x02: 'SSE registers'
[    0.000000] x86/fpu: Supporting XSAVE feature 0x04: 'AVX registers'
[    0.000000] x86/fpu: Enabled xstate features 0x7, context size is 1088 bytes, using 'standard' format.
[    0.000000] x86/fpu: Using 'lazy' FPU context switches.
[    0.000000] e820: BIOS-provided physical RAM map:
[    0.000000] BIOS-e820: [mem 0x0000000000000000-0x000000000009fbff] usable
[    0.000000] BIOS-e820: [mem 0x000000000009fc00-0x000000000009ffff] reserved
[    0.000000] BIOS-e820: [mem 0x00000000000f0000-0x00000000000fffff] reserved
[    0.000000] BIOS-e820: [mem 0x0000000000100000-0x000000003ffeffff] usable
[    0.000000] BIOS-e820: [mem 0x000000003fff0000-0x000000003fffffff] ACPI data
[    0.000000] BIOS-e820: [mem 0x00000000fec00000-0x00000000fec00fff] reserved
[    0.000000] BIOS-e820: [mem 0x00000000fee00000-0x00000000fee00fff] reserved
[    0.000000] BIOS-e820: [mem 0x00000000fffc0000-0x00000000ffffffff] reserved
[    0.000000] NX (Execute Disable) protection: active
[    0.000000] SMBIOS 2.5 present.
[    0.000000] Hypervisor detected: KVM
[    0.000000] e820: last_pfn = 0x3fff0 max_arch_pfn = 0x400000000
[    0.000000] MTRR: Disabled
[    0.000000] x86/PAT: MTRRs disabled, skipping PAT initialization too.
[    0.000000] CPU MTRRs all blank - virtualized system.
[    0.000000] x86/PAT: Configuration [0-7]: WB  WT  UC- UC  WB  WT  UC- UC  
[    0.000000] found SMP MP-table at [mem 0x0009fff0-0x0009ffff] mapped at [ffff88000009fff0]
[    0.000000] Scanning 1 areas for low memory corruption
[    0.000000] RAMDISK: [mem 0x36ac2000-0x37558fff]
[    0.000000] ACPI: Early table checksum verification disabled
[    0.000000] ACPI: RSDP 0x00000000000E0000 000024 (v02 VBOX  )
[    0.000000] ACPI: XSDT 0x000000003FFF0030 00003C (v01 VBOX   VBOXXSDT 00000001 ASL  00000061)
[    0.000000] ACPI: FACP 0x000000003FFF00F0 0000F4 (v04 VBOX   VBOXFACP 00000001 ASL  00000061)
[    0.000000] ACPI: DSDT 0x000000003FFF0470 0021FF (v02 VBOX   VBOXBIOS 00000002 INTL 20100528)
[    0.000000] ACPI: FACS 0x000000003FFF0200 000040
[    0.000000] ACPI: FACS 0x000000003FFF0200 000040
[    0.000000] ACPI: APIC 0x000000003FFF0240 00005C (v02 VBOX   VBOXAPIC 00000001 ASL  00000061)
[    0.000000] ACPI: SSDT 0x000000003FFF02A0 0001CC (v01 VBOX   VBOXCPUT 00000002 INTL 20100528)
[    0.000000] No NUMA configuration found
[    0.000000] Faking a node at [mem 0x0000000000000000-0x000000003ffeffff]
[    0.000000] NODE_DATA(0) allocated [mem 0x3ffeb000-0x3ffeffff]
[    0.000000] kvm-clock: Using msrs 4b564d01 and 4b564d00
[    0.000000] kvm-clock: cpu 0, msr 0:3ffe3001, primary cpu clock
[    0.000000] kvm-clock: using sched offset of 3079322579 cycles
[    0.000000] clocksource: kvm-clock: mask: 0xffffffffffffffff max_cycles: 0x1cd42e4dffb, max_idle_ns: 881590591483 ns
[    0.000000] Zone ranges:
[    0.000000]   DMA      [mem 0x0000000000001000-0x0000000000ffffff]
[    0.000000]   DMA32    [mem 0x0000000001000000-0x000000003ffeffff]
[    0.000000]   Normal   empty
[    0.000000]   Device   empty
[    0.000000] Movable zone start for each node
[    0.000000] Early memory node ranges
[    0.000000]   node   0: [mem 0x0000000000001000-0x000000000009efff]
[    0.000000]   node   0: [mem 0x0000000000100000-0x000000003ffeffff]
[    0.000000] Initmem setup node 0 [mem 0x0000000000001000-0x000000003ffeffff]
[    0.000000] ACPI: PM-Timer IO Port: 0x4008
[    0.000000] IOAPIC[0]: apic_id 2, version 32, address 0xfec00000, GSI 0-23
[    0.000000] ACPI: INT_SRC_OVR (bus 0 bus_irq 0 global_irq 2 dfl dfl)
[    0.000000] ACPI: INT_SRC_OVR (bus 0 bus_irq 9 global_irq 9 high level)
[    0.000000] Using ACPI (MADT) for SMP configuration information
[    0.000000] smpboot: Allowing 2 CPUs, 0 hotplug CPUs
[    0.000000] PM: Registered nosave memory: [mem 0x00000000-0x00000fff]
[    0.000000] PM: Registered nosave memory: [mem 0x0009f000-0x0009ffff]
[    0.000000] PM: Registered nosave memory: [mem 0x000a0000-0x000effff]
[    0.000000] PM: Registered nosave memory: [mem 0x000f0000-0x000fffff]
[    0.000000] e820: [mem 0x40000000-0xfebfffff] available for PCI devices
[    0.000000] Booting paravirtualized kernel on KVM
[    0.000000] clocksource: refined-jiffies: mask: 0xffffffff max_cycles: 0xffffffff, max_idle_ns: 7645519600211568 ns
[    0.000000] setup_percpu: NR_CPUS:512 nr_cpumask_bits:512 nr_cpu_ids:2 nr_node_ids:1
[    0.000000] PERCPU: Embedded 34 pages/cpu @ffff88003fc00000 s99544 r8192 d31528 u1048576
[    0.000000] PV qspinlock hash table entries: 256 (order: 0, 4096 bytes)
[    0.000000] Built 1 zonelists in Node order, mobility grouping on.  Total pages: 257913
[    0.000000] Policy zone: DMA32
[    0.000000] Kernel command line: BOOT_IMAGE=/boot/vmlinuz-4.4.0-116-generic root=LABEL=cloudimg-rootfs ro console=tty1 console=ttyS0
[    0.000000] PID hash table entries: 4096 (order: 3, 32768 bytes)
[    0.000000] Memory: 1001688K/1048120K available (8530K kernel code, 1309K rwdata, 3992K rodata, 1508K init, 1316K bss, 46432K reserved, 0K cma-reserved)
[    0.000000] SLUB: HWalign=64, Order=0-3, MinObjects=0, CPUs=2, Nodes=1
[    0.000000] Kernel/User page tables isolation: enabled
[    0.000000] Hierarchical RCU implementation.
[    0.000000] 	Build-time adjustment of leaf fanout to 64.
[    0.000000] 	RCU restricting CPUs from NR_CPUS=512 to nr_cpu_ids=2.
[    0.000000] RCU: Adjusting geometry for rcu_fanout_leaf=64, nr_cpu_ids=2
[    0.000000] NR_IRQS:33024 nr_irqs:440 16
[    0.000000] Console: colour VGA+ 80x25
[    0.000000] console [tty1] enabled
[    0.000000] console [ttyS0] enabled
[    0.000000] tsc: Detected 2712.002 MHz processor
[    8.736968] Calibrating delay loop (skipped) preset value.. 5424.00 BogoMIPS (lpj=10848008)
[    8.738473] pid_max: default: 32768 minimum: 301
[    8.739272] ACPI: Core revision 20150930
[    8.740859] ACPI: 2 ACPI AML tables successfully acquired and loaded
[    8.742034] Security Framework initialized
[    8.742768] Yama: becoming mindful.
[    8.743439] AppArmor: AppArmor initialized
[    8.761814] Dentry cache hash table entries: 131072 (order: 8, 1048576 bytes)
[    8.763911] Inode-cache hash table entries: 65536 (order: 7, 524288 bytes)
[    8.849133] Mount-cache hash table entries: 2048 (order: 2, 16384 bytes)
[    8.945303] Mountpoint-cache hash table entries: 2048 (order: 2, 16384 bytes)
[    8.961931] Initializing cgroup subsys io
[    8.962662] Initializing cgroup subsys memory
[    8.963425] Initializing cgroup subsys devices
[    8.964202] Initializing cgroup subsys freezer
[    8.985340] Initializing cgroup subsys net_cls
[    9.049336] Initializing cgroup subsys perf_event
[    9.064788] Initializing cgroup subsys net_prio
[    9.065671] Initializing cgroup subsys hugetlb
[    9.066454] Initializing cgroup subsys pids
[    9.067300] CPU: Physical Processor ID: 0
[    9.068029] CPU: Processor Core ID: 0
[    9.089465] FEATURE SPEC_CTRL Not Present
[    9.122621] mce: CPU supports 0 MCE banks
[    9.186696] Last level iTLB entries: 4KB 64, 2MB 8, 4MB 8
[    9.245342] Last level dTLB entries: 4KB 64, 2MB 0, 4MB 0, 1GB 4
[    9.255259] Spectre V2 mitigation: Mitigation: Full generic retpoline
[    9.360570] Spectre V2 mitigation: Speculation control IBPB not-supported IBRS not-supported
[    9.498787] Freeing SMP alternatives memory: 32K
[    9.513564] ftrace: allocating 32186 entries in 126 pages
[    9.570547] smpboot: APIC(0) Converting physical 0 to logical package 0
[    9.676824] smpboot: Max logical packages: 1
[    9.733585] x2apic enabled
[    9.736619] Switched APIC routing to physical x2apic.
[    9.739089] ..TIMER: vector=0x30 apic1=0 pin1=2 apic2=-1 pin2=-1
[    9.877327] smpboot: CPU0: Intel(R) Core(TM) i5-7200U CPU @ 2.50GHz (family: 0x6, model: 0x8e, stepping: 0x9)
[    9.998015] Performance Events: unsupported p6 CPU model 142 no PMU driver, software events only.
[    9.999735] KVM setup paravirtual spinlock
[   10.001144] x86: Booting SMP configuration:
[   10.001895] .... node  #0, CPUs:      #1
[   10.051170] kvm-clock: cpu 1, msr 0:3ffe3041, secondary cpu clock
[   10.120532] mce: CPU supports 0 MCE banks
[   10.148135] x86: Booted up 1 node, 2 CPUs
[   10.192315] smpboot: Total of 2 processors activated (10848.00 BogoMIPS)
[   10.265028] devtmpfs: initialized
[   10.275893] evm: security.selinux
[   10.276555] evm: security.SMACK64
[   10.277206] evm: security.SMACK64EXEC
[   10.277887] evm: security.SMACK64TRANSMUTE
[   10.281076] evm: security.SMACK64MMAP
[   10.325557] evm: security.ima
[   10.362232] evm: security.capability
[   10.406541] clocksource: jiffies: mask: 0xffffffff max_cycles: 0xffffffff, max_idle_ns: 7645041785100000 ns
[   10.494695] futex hash table entries: 512 (order: 3, 32768 bytes)
[   10.495838] pinctrl core: initialized pinctrl subsystem
[   10.496830] RTC time:  3:42:22, date: 05/18/18
[   10.497759] NET: Registered protocol family 16
[   10.509845] cpuidle: using governor ladder
[   10.570606] cpuidle: using governor menu
[   10.600294] PCCT header not found.
[   10.601039] ACPI: bus type PCI registered
[   10.601766] acpiphp: ACPI Hot Plug PCI Controller Driver version: 0.5
[   10.602893] PCI: Using configuration type 1 for base access
[   10.620056] ACPI: Added _OSI(Module Device)
[   10.673061] ACPI: Added _OSI(Processor Device)
[   10.726643] ACPI: Added _OSI(3.0 _SCP Extensions)
[   10.786165] ACPI: Added _OSI(Processor Aggregator Device)
[   10.800795] ACPI: Executed 1 blocks of module-level executable AML code
[   10.815947] ACPI: Interpreter enabled
[   10.818334] ACPI: (supports S0 S5)
[   10.849643] ACPI: Using IOAPIC for interrupt routing
[   10.921273] PCI: Using host bridge windows from ACPI; if necessary, use "pci=nocrs" and report a bug
[   10.981487] ACPI: PCI Root Bridge [PCI0] (domain 0000 [bus 00-ff])
[   11.062539] acpi PNP0A03:00: _OSC: OS supports [ASPM ClockPM Segments MSI]
[   11.140899] acpi PNP0A03:00: _OSC: not requesting OS control; OS requires [ExtendedConfig ASPM ClockPM MSI]
[   11.258717] acpi PNP0A03:00: fail to add MMCONFIG information, can't access extended PCI configuration space under this bridge.
[   11.411293] PCI host bridge to bus 0000:00
[   11.453261] pci_bus 0000:00: root bus resource [io  0x0000-0x0cf7 window]
[   11.553594] pci_bus 0000:00: root bus resource [io  0x0d00-0xffff window]
[   11.618063] pci_bus 0000:00: root bus resource [mem 0x000a0000-0x000bffff window]
[   11.619400] pci_bus 0000:00: root bus resource [mem 0x40000000-0xffdfffff window]
[   11.620740] pci_bus 0000:00: root bus resource [bus 00-ff]
[   11.623185] pci 0000:00:01.1: legacy IDE quirk: reg 0x10: [io  0x01f0-0x01f7]
[   11.624280] pci 0000:00:01.1: legacy IDE quirk: reg 0x14: [io  0x03f6]
[   11.625304] pci 0000:00:01.1: legacy IDE quirk: reg 0x18: [io  0x0170-0x0177]
[   11.645538] pci 0000:00:01.1: legacy IDE quirk: reg 0x1c: [io  0x0376]
[   11.676743] pci 0000:00:07.0: quirk: [io  0x4000-0x403f] claimed by PIIX4 ACPI
[   11.756029] pci 0000:00:07.0: quirk: [io  0x4100-0x410f] claimed by PIIX4 SMB
[   11.840408] ACPI: PCI Interrupt Link [LNKA] (IRQs 5 9 10 *11)
[   11.897525] ACPI: PCI Interrupt Link [LNKB] (IRQs 5 9 10 *11)
[   11.948475] ACPI: PCI Interrupt Link [LNKC] (IRQs 5 9 *10 11)
[   11.990555] ACPI: PCI Interrupt Link [LNKD] (IRQs 5 *9 10 11)
[   12.066917] ACPI: Enabled 2 GPEs in block 00 to 07
[   12.125365] vgaarb: setting as boot device: PCI:0000:00:02.0
[   12.206645] vgaarb: device added: PCI:0000:00:02.0,decodes=io+mem,owns=io+mem,locks=none
[   12.327994] vgaarb: loaded
[   12.363785] vgaarb: bridge control possible 0000:00:02.0
[   12.386733] SCSI subsystem initialized
[   12.397672] ACPI: bus type USB registered
[   12.398436] usbcore: registered new interface driver usbfs
[   12.414997] usbcore: registered new interface driver hub
[   12.436417] usbcore: registered new device driver usb
[   12.445799] PCI: Using ACPI for IRQ routing
[   12.457578] NetLabel: Initializing
[   12.494295] NetLabel:  domain hash size = 128
[   12.508917] NetLabel:  protocols = UNLABELED CIPSOv4
[   12.538464] NetLabel:  unlabeled traffic allowed by default
[   12.605097] amd_nb: Cannot enumerate AMD northbridges
[   12.664537] clocksource: Switched to clocksource kvm-clock
[   12.747950] AppArmor: AppArmor Filesystem Enabled
[   12.832311] pnp: PnP ACPI init
[   12.833639] pnp: PnP ACPI: found 3 devices
[   12.844065] clocksource: acpi_pm: mask: 0xffffff max_cycles: 0xffffff, max_idle_ns: 2085701024 ns
[   13.028386] NET: Registered protocol family 2
[   13.125411] TCP established hash table entries: 8192 (order: 4, 65536 bytes)
[   13.295600] TCP bind hash table entries: 8192 (order: 5, 131072 bytes)
[   13.441243] TCP: Hash tables configured (established 8192 bind 8192)
[   13.585592] UDP hash table entries: 512 (order: 2, 16384 bytes)
[   13.730911] UDP-Lite hash table entries: 512 (order: 2, 16384 bytes)
[   13.891157] NET: Registered protocol family 1
[   13.919702] pci 0000:00:00.0: Limiting direct PCI/PCI transfers
[   13.920855] pci 0000:00:01.0: Activating ISA DMA hang workarounds
[   13.922128] Unpacking initramfs...
[   15.628434] Freeing initrd memory: 10844K
[   15.662905] platform rtc_cmos: registered platform RTC device (no PNP device found)
[   15.835234] Scanning for low memory corruption every 60 seconds
[   15.965002] audit: initializing netlink subsys (disabled)
[   16.031340] audit: type=2000 audit(1526614940.866:1): initialized
[   16.081235] Initialise system trusted keyring
[   16.133222] HugeTLB registered 2 MB page size, pre-allocated 0 pages
[   16.179622] zbud: loaded
[   16.180584] VFS: Disk quotas dquot_6.6.0
[   16.185352] VFS: Dquot-cache hash table entries: 512 (order 0, 4096 bytes)
[   16.186650] squashfs: version 4.0 (2009/01/31) Phillip Lougher
[   16.187966] fuse init (API version 7.23)
[   16.190005] Key type big_key registered
[   16.194049] Allocating IMA MOK and blacklist keyrings.
[   16.220929] Key type asymmetric registered
[   16.286554] Asymmetric key parser 'x509' registered
[   16.361033] Block layer SCSI generic (bsg) driver version 0.4 loaded (major 249)
[   16.453660] io scheduler noop registered
[   16.499333] io scheduler deadline registered (default)
[   16.550997] io scheduler cfq registered
[   16.589184] pci_hotplug: PCI Hot Plug PCI Core version: 0.5
[   16.678518] tsc: Refined TSC clocksource calibration: 2711.069 MHz
[   16.685023] pciehp: PCI Express Hot Plug Controller Driver version: 0.4
[   16.685174] ACPI: AC Adapter [AC] (on-line)
[   16.685220] input: Power Button as /devices/LNXSYSTM:00/LNXPWRBN:00/input/input0
[   16.685222] ACPI: Power Button [PWRF]
[   16.685279] input: Sleep Button as /devices/LNXSYSTM:00/LNXSLPBN:00/input/input1
[   16.685280] ACPI: Sleep Button [SLPF]
[   16.685968] ACPI: Battery Slot [BAT0] (battery present)
[   16.685993] GHES: HEST is not enabled!
[   16.686076] Serial: 8250/16550 driver, 32 ports, IRQ sharing enabled
[   16.827872] 00:02: ttyS0 at I/O 0x3f8 (irq = 4, base_baud = 115200) is a 16550A
[   16.968902] Linux agpgart interface v0.103
[   16.971451] loop: module loaded
[   16.971891] scsi host0: ata_piix
[   16.971937] scsi host1: ata_piix
[   16.971963] ata1: PATA max UDMA/33 cmd 0x1f0 ctl 0x3f6 bmdma 0xd000 irq 14
[   16.971964] ata2: PATA max UDMA/33 cmd 0x170 ctl 0x376 bmdma 0xd008 irq 15
[   16.972025] libphy: Fixed MDIO Bus: probed
[   16.972028] tun: Universal TUN/TAP device driver, 1.6
[   16.972028] tun: (C) 1999-2004 Max Krasnyansky <maxk@qualcomm.com>
[   16.972322] PPP generic driver version 2.4.2
[   16.972367] ehci_hcd: USB 2.0 'Enhanced' Host Controller (EHCI) Driver
[   16.972370] ehci-pci: EHCI PCI platform driver
[   16.972377] ehci-platform: EHCI generic platform driver
[   16.972384] ohci_hcd: USB 1.1 'Open' Host Controller (OHCI) Driver
[   16.972386] ohci-pci: OHCI PCI platform driver
[   16.972394] ohci-platform: OHCI generic platform driver
[   16.972399] uhci_hcd: USB Universal Host Controller Interface driver
[   16.972442] i8042: PNP: PS/2 Controller [PNP0303:PS2K,PNP0f03:PS2M] at 0x60,0x64 irq 1,12
[   17.016450] serio: i8042 KBD port at 0x60,0x64 irq 1
[   17.016455] serio: i8042 AUX port at 0x60,0x64 irq 12
[   17.016619] mousedev: PS/2 mouse device common for all mice
[   17.016887] rtc_cmos rtc_cmos: rtc core: registered rtc_cmos as rtc0
[   17.016937] rtc_cmos rtc_cmos: alarms up to one day, 114 bytes nvram
[   17.016943] i2c /dev entries driver
[   17.017018] device-mapper: uevent: version 1.0.3
[   17.017063] device-mapper: ioctl: 4.34.0-ioctl (2015-10-28) initialised: dm-devel@redhat.com
[   17.017084] ledtrig-cpu: registered to indicate activity on CPUs
[   17.017337] NET: Registered protocol family 10
[   17.017450] NET: Registered protocol family 17
[   17.017459] Key type dns_resolver registered
[   17.017843] microcode: CPU0 sig=0x806e9, pf=0x8, revision=0x0
[   17.017850] microcode: CPU1 sig=0x806e9, pf=0x8, revision=0x0
[   17.017892] microcode: Microcode Update Driver: v2.01 <tigran@aivazian.fsnet.co.uk>, Peter Oruba
[   17.017986] registered taskstats version 1
[   17.017998] Loading compiled-in X.509 certificates
[   17.018536] Loaded X.509 cert 'Build time autogenerated kernel key: aa84f01984fbd529c105810b59e379d349698248'
[   17.018553] zswap: loaded using pool lzo/zbud
[   17.019980] Key type trusted registered
[   17.022407] Key type encrypted registered
[   17.022411] AppArmor: AppArmor sha1 policy hashing enabled
[   17.022414] ima: No TPM chip found, activating TPM-bypass!
[   17.022430] evm: HMAC attrs: 0x1
[   17.022751]   Magic number: 2:346:715
[   17.030262] rtc_cmos rtc_cmos: setting system clock to 2018-05-18 03:42:29 UTC (1526614949)
[   17.030363] BIOS EDD facility v0.16 2004-Jun-25, 0 devices found
[   17.030363] EDD information not available.
[   17.203314] input: AT Translated Set 2 keyboard as /devices/platform/i8042/serio0/input/input2
[   18.716468] clocksource: tsc: mask: 0xffffffffffffffff max_cycles: 0x271416bd826, max_idle_ns: 440795279996 ns
[   18.898621] Freeing unused kernel memory: 1508K
[   18.945094] Write protecting the kernel read-only data: 14336k
[   18.966837] Freeing unused kernel memory: 1700K
[   18.968991] Freeing unused kernel memory: 104K
Loading, please [   18.981794] random: systemd-udevd: uninitialized urandom read (16 bytes read, 5 bits of entropy available)
wait...
starting version 229
[   18.982442] random: udevadm: uninitialized urandom read (16 bytes read, 5 bits of entropy available)
[   18.982465] random: udevadm: uninitialized urandom read (16 bytes read, 5 bits of entropy available)
[   18.995396] random: udevadm: uninitialized urandom read (16 bytes read, 5 bits of entropy available)
[   18.995450] random: udevadm: uninitialized urandom read (16 bytes read, 5 bits of entropy available)
[   18.995623] random: udevadm: uninitialized urandom read (16 bytes read, 5 bits of entropy available)
[   18.995702] random: udevadm: uninitialized urandom read (16 bytes read, 5 bits of entropy available)
[   18.995774] random: udevadm: uninitialized urandom read (16 bytes read, 5 bits of entropy available)
[   18.995839] random: udevadm: uninitialized urandom read (16 bytes read, 5 bits of entropy available)
[   18.995901] random: udevadm: uninitialized urandom read (16 bytes read, 5 bits of entropy available)
[   19.160472] e1000: Intel(R) PRO/1000 Network Driver - version 7.3.21-k8-NAPI
[   19.176007] e1000: Copyright (c) 1999-2006 Intel Corporation.
[   19.180979] Fusion MPT base driver 3.04.20
[   19.188033] Copyright (c) 1999-2008 LSI Corporation
[   19.194986] Fusion MPT SPI Host driver 3.04.20
[   19.218841] AVX version of gcm_enc/dec engaged.
[   19.231147] AES CTR mode by8 optimization enabled
[   19.389830] input: ImExPS/2 Generic Explorer Mouse as /devices/platform/i8042/serio1/input/input4
[   19.545366] e1000 0000:00:03.0 eth0: (PCI:33MHz:32-bit) 02:a0:c7:70:80:b4
[   19.660893] e1000 0000:00:03.0 eth0: Intel(R) PRO/1000 Network Connection
[   19.742272] e1000 0000:00:03.0 enp0s3: renamed from eth0
[   19.759115] mptbase: ioc0: Initiating bringup
[   19.829317] ioc0: LSI53C1030 A0: Capabilities={Initiator}
[   20.116501] scsi host2: ioc0: LSI53C1030 A0, FwRev=00000000h, Ports=1, MaxQ=256, IRQ=20
[   20.413349] scsi 2:0:0:0: Direct-Access     VBOX     HARDDISK         1.0  PQ: 0 ANSI: 5
[   20.572089] scsi target2:0:0: Beginning Domain Validation
[   20.699217] scsi target2:0:0: Domain Validation skipping write tests
[   20.838318] scsi target2:0:0: Ending Domain Validation
[   20.925294] scsi target2:0:0: asynchronous
[   20.948899] scsi 2:0:1:0: Direct-Access     VBOX     HARDDISK         1.0  PQ: 0 ANSI: 5
[   21.123724] scsi target2:0:1: Beginning Domain Validation
[   21.242698] scsi target2:0:1: Domain Validation skipping write tests
[   21.269312] scsi target2:0:1: Ending Domain Validation
[   21.331977] scsi target2:0:1: asynchronous
[   21.371161] sd 2:0:0:0: [sda] 20971520 512-byte logical blocks: (10.7 GB/10.0 GiB)
[   21.371233] sd 2:0:0:0: Attached scsi generic sg0 type 0
[   21.371699] sd 2:0:1:0: Attached scsi generic sg1 type 0
[   21.371845] sd 2:0:1:0: [sdb] 20480 512-byte logical blocks: (10.5 MB/10.0 MiB)
[   21.371935] sd 2:0:1:0: [sdb] Write Protect is off
[   21.371994] sd 2:0:1:0: [sdb] Incomplete mode parameter data
[   21.371995] sd 2:0:1:0: [sdb] Assuming drive cache: write through
[   21.380981] sd 2:0:1:0: [sdb] Attached SCSI disk
[   21.594213] sd 2:0:0:0: [sda] Write Protect is off
[   21.648134] sd 2:0:0:0: [sda] Incomplete mode parameter data
[   21.652825] sd 2:0:0:0: [sda] Assuming drive cache: write through
[   21.655470]  sda: sda1
[   21.658205] sd 2:0:0:0: [sda] Attached SCSI disk
[   22.199206] floppy0: no floppy controllers found
Begin: Loading e[   23.678265] md: linear personality registered for level -1
ssential drivers[   23.757754] md: multipath personality registered for level -4
 ... [   23.830339] md: raid0 personality registered for level 0
[   23.888693] md: raid1 personality registered for level 1
[   24.012886] raid6: sse2x1   gen()  8723 MB/s
[   24.108616] raid6: sse2x1   xor()  5607 MB/s
[   24.224683] raid6: sse2x2   gen() 10695 MB/s
[   24.348637] raid6: sse2x2   xor()  7296 MB/s
[   24.468670] raid6: sse2x4   gen() 12262 MB/s
[   24.604611] raid6: sse2x4   xor()  8020 MB/s
[   24.659675] raid6: using algorithm sse2x4 gen() 12262 MB/s
[   24.707053] raid6: .... xor() 8020 MB/s, rmw enabled
[   24.763670] raid6: using ssse3x2 recovery algorithm
[   24.830558] xor: automatically using best checksumming function:
[   24.952765]    avx       : 22035.000 MB/sec
[   25.005900] async_tx: api initialized (async)
[   25.024631] md: raid6 personality registered for level 6
[   25.033002] md: raid5 personality registered for level 5
[   25.033884] md: raid4 personality registered for level 4
[   25.039949] md: raid10 personality registered for level 10
done.
Begin: Running /scripts/init-p[   25.141374] Btrfs loaded
remount ... done.
Begin: Mounting root file system ... Begin: Running /scripts/local-top ... done.
Begin: Running /scripts/local-premount ... Scanning for Btrfs filesystems
done.
Warning: fsck no[   25.207860] EXT4-fs (sda1): INFO: recovery required on readonly filesystem
t present, so sk[   25.305060] EXT4-fs (sda1): write access will be enabled during recovery
ipping root file system
[   25.429461] EXT4-fs (sda1): recovery complete
[   25.524615] EXT4-fs (sda1): mounted filesystem with ordered data mode. Opts: (null)
done.
Begin: Running /scripts/local-bottom ... done.
Begin: Running /scripts/init-bottom ... done.
[   25.825584] systemd[1]: systemd 229 running in system mode. (+PAM +AUDIT +SELINUX +IMA +APPARMOR +SMACK +SYSVINIT +UTMP +LIBCRYPTSETUP +GCRYPT +GNUTLS +ACL +XZ -LZ4 +SECCOMP +BLKID +ELFUTILS +KMOD -IDN)
[   26.080857] systemd[1]: Detected virtualization oracle.
[   26.142549] systemd[1]: Detected architecture x86-64.

Welcome to [1mUbuntu 16.04.4 LTS[0m!

[   26.258095] systemd[1]: Set hostname to <ubuntu-xenial>.
[   26.445032] random: nonblocking pool is initialized
[   26.582172] systemd[1]: Listening on LVM2 poll daemon socket.
[[0;32m  OK  [0m] Listening on LVM2 poll daemon socket.
[   26.717419] systemd[1]: Reached target Encrypted Volumes.
[[0;32m  OK  [0m] Reached target Encrypted Volumes.
[   26.833170] systemd[1]: Listening on udev Control Socket.
[[0;32m  OK  [0m] Listening on udev Control Socket.
[   26.994544] systemd[1]: Created slice System Slice.
[[0;32m  OK  [0m] Created slice System Slice.
[   27.105991] systemd[1]: Created slice User and Session Slice.
[[0;32m  OK  [0m] Created slice User and Session Slice.
[   27.313606] systemd[1]: Listening on Syslog Socket.
[[0;32m  OK  [0m] Listening on Syslog Socket.
[   27.490097] systemd[1]: Created slice system-serial\x2dgetty.slice.
[[0;32m  OK  [0m] Created slice system-serial\x2dgetty.slice.
[   27.625338] systemd[1]: Started Forward Password Requests to Wall Directory Watch.
[[0;32m  OK  [0m] Started Forward Password Requests to Wall Directory Watch.
[   27.648359] systemd[1]: Listening on udev Kernel Socket.
[[0;32m  OK  [0m] Listening on udev Kernel Socket.
[   27.733515] systemd[1]: Started Trigger resolvconf update for networkd DNS.
[[0;32m  OK  [0m] Started Trigger resolvconf update for networkd DNS.
[   27.965422] systemd[1]: Reached target Slices.
[[0;32m  OK  [0m] Reached target Slices.
[   28.112881] systemd[1]: Listening on Device-mapper event daemon FIFOs.
[[0;32m  OK  [0m] Listening on Device-mapper event daemon FIFOs.
[   28.341102] systemd[1]: Listening on Journal Socket.
[[0;32m  OK  [0m] Listening on Journal Socket.
[   28.480989] systemd[1]: Starting Remount Root and Kernel File Systems...
         Starting Remount[   28.585179] EXT4-fs (sda1): re-mounted. Opts: (null)
 Root and Kernel File Systems...
[   28.717007] systemd[1]: Starting Set console keymap...
         Starting Set console keymap...
[   28.789637] systemd[1]: Mounting Debug File System...
         Mounting Debug File System...
[   28.845186] systemd[1]: Set up automount Arbitrary Executable File Formats File System Automount Point.
[[0;32m  OK  [0m] Set up automount Arbitrary Executab...ats File System Automount Point.
[   29.141288] systemd[1]: Mounting Huge Pages File System...
         Mounting Huge Pages File System...
[   29.265579] systemd[1]: Listening on Journal Socket (/dev/log).
[[0;32m  OK  [0m] Listening on Journal Socket (/dev/log).
[   29.485044] systemd[1]: Mounting POSIX Message Queue File System...
         Mounting POSIX Message Queue File System...
[   29.621239] systemd[1]: Reached target User and Group Name Lookups.
[[0;32m  OK  [0m] Reached target User and Group Name Lookups.
[   29.817337] systemd[1]: Listening on LVM2 metadata daemon socket.
[[0;32m  OK  [0m] Listening on LVM2 metadata daemon socket.
[   30.013354] systemd[1]: Starting Uncomplicated firewall...
         Starting Uncomplicated firewall...
[   30.070811] systemd[1]: Reached target Swap.
[[0;32m  OK  [0m] Reached target Swap.
[   30.085066] systemd[1]: Starting Nameserver information manager...
         Starting Nameserver information manager...
[   30.245593] systemd[1]: Starting Monitoring of LVM2 mirrors, snapshots etc. using dmeventd or progress polling...
         Starting Monitoring of LVM2 mirrors... dmeventd or progress polling...
[   30.401028] systemd[1]: Listening on Journal Audit Socket.
[[0;32m  OK  [0m] Listening on Journal Audit Socket.
[   30.549375] systemd[1]: Starting Journal Service...
         Starting Journal Service...
[   30.661069] systemd[1]: Starting Create list of required static device nodes for the current kernel...
         Starting Create list of required st... nodes for the current kernel...
[   30.845528] systemd[1]: Listening on /dev/initctl Compatibility Named Pipe.
[[0;32m  OK  [0m] Listening on /dev/initctl Compatibility Named Pipe.
[   31.097912] systemd[1]: Starting Load Kernel Modules...
         [   31.114787] Loading iSCSI transport class v2.0-870.
Starting Load Kernel Modules...
[   31.148391] systemd[1]: Mounted Debug File System.
[   31.191935] iscsi: registered transport (tcp)
[[0;32m  OK  [0m] Mounted Debu[   31.255455] iscsi: registered transport (iser)
g File System.
[   31.340846] systemd[1]: Mounted POSIX Message Queue File System.
[[0;32m  OK  [0m] Mounted POSIX Message Queue File System.
[   31.489291] systemd[1]: Mounted Huge Pages File System.
[[0;32m  OK  [0m] Mounted Huge Pages File System.
[   31.605566] systemd[1]: Started Journal Service.
[[0;32m  OK  [0m] Started Journal Service.
[[0;32m  OK  [0m] Started Remount Root and Kernel File Systems.
[[0;32m  OK  [0m] Started Set console keymap.
[[0;32m  OK  [0m] Started Uncomplicated firewall.
[[0;32m  OK  [0m] Started Create list of required sta...ce nodes for the current kernel.
[[0;32m  OK  [0m] Started Load Kernel Modules.
[[0;32m  OK  [0m] Started Nameserver information manager.
[[0;32m  OK  [0m] Started LVM2 metadata daemon.
         Mounting FUSE Control File System...
         Starting Apply Kernel Variables...
         Starting Create Static Device Nodes in /dev...
         Starting udev Coldplug all Devices...
         Starting Load/Save Random Seed...
         Starting Initial cloud-init job (pre-networking)...
         Starting Flush Journal to Persistent Storage...
[[0;32m  OK  [0m] Mounted FUSE Control File System.
[[0;32m  OK  [0m] Started Monitoring of LVM2 mirrors,...ng dmeventd or progress polling.
[[0;32m  OK  [0m] Started Apply Kernel Variables.
[[0;32m  OK  [0m] Started Create Static Device Nodes in /dev.
[[0;32m  OK  [0m] Started Load/Save Random Seed.
[[0;32m  OK  [0m] Started udev Coldplug all Devices.
[[0;32m  OK  [0m] Started Flush Journal to Persistent Storage.
         Starting udev Kernel Device Manager...
[[0;32m  OK  [0m] Started udev Kernel Device Manager.
[[0;32m  OK  [0m] Started Dispatch Password Requests to Console Directory Watch.
[[0;32m  OK  [0m] Reached target Local File Systems (Pre).
[[0;32m  OK  [0m] Reached target Local File Systems.
         Starting LSB: AppArmor initialization...
         Starting Set console font and keymap...
         Starting Tell Plymouth To Write Out Runtime Data...
         Starting Create Volatile Files and Directories...
[   21.177230] cloud-init[460]: Cloud-init v. 17.2 running 'init-local' at Fri, 18 May 2018 03:42:45 +0000. Up 20.77 seconds.
[[0;32m  OK  [0m] Started Tell Plymouth To Write Out Runtime Data.
[[0;32m  OK  [0m] Started Create Volatile Files and Directories.
[[0;32m  OK  [0m] Started Set console font and keymap.
[[0;32m  OK  [0m] Started Initial cloud-init job (pre-networking).
[[0;32m  OK  [0m] Found device /dev/ttyS0.
[[0;32m  OK  [0m] Listening on Load/Save RF Kill Switch Status /dev/rfkill Watch.
[[0;32m  OK  [0m] Reached target Network (Pre).
[[0;32m  OK  [0m] Created slice system-getty.slice.
[[0;32m  OK  [0m] Reached target System Time Synchronized.
         Starting Update UTMP about System Boot/Shutdown...
[[0;32m  OK  [0m] Started LSB: AppArmor initialization.
[[0;32m  OK  [0m] Started Update UTMP about System Boot/Shutdown.
         Starting Raise network interfaces...
[[0;32m  OK  [0m] Started ifup for enp0s3.
[[0;32m  OK  [0m] Started Raise network interfaces.
[[0;32m  OK  [0m] Reached target Network.
         Starting Initial cloud-init job (metadata service crawler)...
[   24.524357] cloud-init[972]: Cloud-init v. 17.2 running 'init' at Fri, 18 May 2018 03:42:48 +0000. Up 24.23 seconds.
[   24.576880] [cloud-init[0;32m  OK  [0m[972]: ] ci-info: +++++++++++++++++++++++++++++++++++++Net device info++++++++++++++++++++++++++++++++++++++Started Initial cloud-init job (metadata service crawler).

[   24.577355] cloud-init[972]: ci-info: +--------+------+----------------------------+---------------+-------+-------------------+
[   24.785385] [cloud-init[0;32m  OK  [0m[972]: ] ci-info: | Device |  Up  |          Address           |      Mask     | Scope |     Hw-Address    |Reached target Network is Online.

[   24.786895] cloud-init[972]: ci-info: +--------+------+----------------------------+---------------+-------+-------------------+
[   25.038183]          Starting iSCSI initiator daemon (iscsid)...
cloud-init[972]: ci-info: | enp0s3 | True |         10.0.2.15          | 255.255.255.0 |   .   | 02:a0:c7:70:80:b4 |
[   25.213506] [cloud-init[0;32m  OK  [0m[972]: ] ci-info: | enp0s3 | True | fe80::a0:c7ff:fe70:80b4/64 |       .       |  link | 02:a0:c7:70:80:b4 |Reached target System Initialization.

[   25.215802] cloud-init[972]: ci-info: |   lo   | True |         127.0.0.1          |   255.0.0.0   |   .   |         .         |
[   25.493572] [cloud-init[0;32m  OK  [0m[972]: ci-info: |   lo   | True |          ::1/128           |       .       |  host |         .         |
] Started Daily apt download activities.
[   25.495788] [cloud-init[0;32m  OK  [0m[972]: ] ci-info: +--------+------+----------------------------+---------------+-------+-------------------+Listening on ACPID Listen Socket.

[   25.659187] [cloud-init[0;32m  OK  [0m[972]: ] ci-info: +++++++++++++++++++++++++++Route IPv4 info++++++++++++++++++++++++++++Listening on UUID daemon activation socket.

[   25.710961] [cloud-init[0;32m  OK  [0m[972]: ] ci-info: +-------+-------------+----------+---------------+-----------+-------+Started Daily Cleanup of Temporary Directories.

[   25.775509] cloud-init[972]: [ci-info: | Route | Destination | Gateway  |    Genmask    | Interface | Flags |[0;32m  OK  [0m
] Started Daily apt upgrade and clean activities.
[   25.891059]          cloud-initStarting Socket activation for snappy daemon.[972]: 
ci-info: +-------+-------------+----------+---------------+-----------+-------+
[   26.165708] cloud-init[972]: ci-info: |   0   |   0.0.0.0   | 10.0.2.2 |    0.0.0.0    |   enp0s3  |   UG  |[
[0;32m  OK  [0m] Started ACPI Events Check.
[   26.168238] [cloud-init[0;32m  OK  [0m[972]: ] ci-info: |   1   |   10.0.2.0  | 0.0.0.0  | 255.255.255.0 |   enp0s3  |   U   |Reached target Paths.

[   26.300244] [[0;32m  OK  [0m] Started Timer to automatically refresh installed snaps.
cloud-init[972]: ci-info: +-------+-------------+----------+---------------+-----------+-------+
[[0;32m  OK  [0m] Reached target Timers.
[[0;32m  OK  [0m] Listening on D-Bus System Message Bus Socket.
         Starting LXD - unix socket.
[[0;32m  OK  [0m] Reached target Cloud-config availability.
[[0;32m  OK  [0m] Listening on Socket activation for snappy daemon.
[[0;32m  OK  [0m] Listening on LXD - unix socket.
[[0;32m  OK  [0m] Started iSCSI initiator daemon (iscsid).
         Starting Login to default iSCSI targets...
[[0;32m  OK  [0m] Reached target Sockets.
[[0;32m  OK  [0m] Reached target Basic System.
[[0;32m  OK  [0m] Started Deferred execution scheduler.
         Starting Apply the settings specified in cloud-config...
         Starting LSB: Record successful boot for GRUB...
         Starting Accounts Service...
         Starting OpenBSD Secure Shell server...
         Starting LXD - container startup/shutdown...
         Starting LSB: MD monitoring daemon...
[[0;32m  OK  [0m] Started D-Bus System Message Bus.
[[0;32m  OK  [0m] Started FUSE filesystem for LXC.
         Starting System Logging Service...
[[0;32m  OK  [0m] Started Unattended Upgrades Shutdown.
[   27.668901] cloud-init[1035]: Cloud-init v. 17.2 running 'modules:config' at Fri, 18 May 2018 03:42:52 +0000. Up 27.55 seconds.
         Starting Login Service...
[[0;32m  OK  [0m] Started Regular background program processing daemon.
         Starting /etc/rc.local Compatibility...
[[0;32m  OK  [0m] Started ACPI event daemon.
         Starting Snappy daemon...
[[0;32m  OK  [0m] Started OpenBSD Secure Shell server.
[[0;32m  OK  [0m] Started System Logging Service.
[[0;32m  OK  [0m] Started Apply the settings specified in cloud-config.
[[0;32m  OK  [0m] Started LXD - container startup/shutdown.
[[0;32m  OK  [0m] Started /etc/rc.local Compatibility.
[[0;32m  OK  [0m] Started Snappy daemon.
[[0;32m  OK  [0m] Started Login to default iSCSI targets.
[[0;32m  OK  [0m] Started LSB: Record successful boot for GRUB.
[[0;32m  OK  [0m] Started LSB: MD monitoring daemon.
[[0;32m  OK  [0m] Started Login Service.
         Starting Authenticate and Authorize Users to Run Privileged Tasks...
[[0;32m  OK  [0m] Reached target Remote File Systems (Pre).
[[0;32m  OK  [0m] Reached target Remote File Systems.
         Starting Permit User Sessions...
         Starting LSB: automatic crash report generation...
         Starting LSB: daemon to balance interrupts for SMP systems...
         Starting LSB: VirtualBox Linux Additions...
         Starting LSB: Set the CPU Frequency Scaling governor to "ondemand"...
[[0;32m  OK  [0m] Started Permit User Sessions.
[[0;32m  OK  [0m] Started Authenticate and Authorize Users to Run Privileged Tasks.
[[0;32m  OK  [0m] Started Accounts Service.
         Starting Terminate Plymouth Boot Screen...
         Starting Hold until boot process finishes up...
[[0;32m  OK  [0m] Started LSB: automatic crash report generation.
[[0;32m  OK  [0m] Started LSB: daemon to balance interrupts for SMP systems.
[[0;32m  OK  [0m] Started LSB: VirtualBox Linux Additions.
[[0;32m  OK  [0m] Started LSB: Set the CPU Frequency Scaling governor to "ondemand".
[[0;32m  OK  [0m] Started Terminate Plymouth Boot Screen.
[[0;32m  OK  [0m] Started Hold until boot process finishes up.
[[0;32m  OK  [0m] Started Getty on tty1.
         Starting Set console scheme...
[[0;32m  OK  [0m] Started Serial Getty on ttyS0.
[[0;32m  OK  [0m] Reached target Login Prompts.
[[0;32m  OK  [0m] Reached target Multi-User System.
[[0;32m  OK  [0m] Reached target Graphical Interface.
         Starting Update UTMP about System Runlevel Changes...
         Starting Execute cloud user/final scripts...
[[0;32m  OK  [0m] Started Set console scheme.
[[0;32m  OK  [0m] Started Update UTMP about System Runlevel Changes.
[   30.579067] cloud-init[1204]: Cloud-init v. 17.2 running 'modules:final' at Fri, 18 May 2018 03:42:55 +0000. Up 30.45 seconds.
[   30.602325] cloud-init[1204]: Cloud-init v. 17.2 finished at Fri, 18 May 2018 03:42:55 +0000. Datasource DataSourceNoCloud [seed=/dev/sdb][dsmode=net].  Up 30.57 seconds
[[0;32m  OK  [0m] Started Execute cloud user/final scripts.
[[0;32m  OK  [0m] Reached target Cloud-init target.

Ubuntu 16.04.4 LTS ubuntu-xenial ttyS0

ubuntu-xenial login: 